{
"issues":  [
{
"id":  "S1192",
"message":  "Define a constant instead of using this literal 'LoadTestContainer' 4 times.",
"location":  [
{
"uri":  "https://github.com/SonarSource/sonar-dotnet/blob/master/analyzers/its/sources/Umbraco-CMS/tests/Umbraco.TestData/LoadTestController.cs#L21",
"region":  {
"startLine":  21,
"startColumn":  43,
"endLine":  21,
"endColumn":  62
}
},
{
"uri":  "https://github.com/SonarSource/sonar-dotnet/blob/master/analyzers/its/sources/Umbraco-CMS/tests/Umbraco.TestData/LoadTestController.cs#L205",
"region":  {
"startLine":  205,
"startColumn":  13,
"endLine":  205,
"endColumn":  32
}
},
{
"uri":  "https://github.com/SonarSource/sonar-dotnet/blob/master/analyzers/its/sources/Umbraco-CMS/tests/Umbraco.TestData/LoadTestController.cs#L206",
"region":  {
"startLine":  206,
"startColumn":  13,
"endLine":  206,
"endColumn":  32
}
},
{
"uri":  "https://github.com/SonarSource/sonar-dotnet/blob/master/analyzers/its/sources/Umbraco-CMS/tests/Umbraco.TestData/LoadTestController.cs#L226",
"region":  {
"startLine":  226,
"startColumn":  46,
"endLine":  226,
"endColumn":  65
}
}
]
}
]
}
