{
"issues":  [
{
"id":  "S2699",
"message":  "Add at least one assertion to this test case.",
"location":  {
"uri":  "sources\Nancy\src\Nancy.Metadata.Modules.Tests\DefaultMetadataModuleConventionsFixture.cs",
"region":  {
"startLine":  19,
"startColumn":  21,
"endLine":  19,
"endColumn":  96
}
}
},
{
"id":  "S2699",
"message":  "Add at least one assertion to this test case.",
"location":  {
"uri":  "sources\Nancy\src\Nancy.Metadata.Modules.Tests\DefaultMetadataModuleConventionsFixture.cs",
"region":  {
"startLine":  36,
"startColumn":  21,
"endLine":  36,
"endColumn":  101
}
}
},
{
"id":  "S2699",
"message":  "Add at least one assertion to this test case.",
"location":  {
"uri":  "sources\Nancy\src\Nancy.Metadata.Modules.Tests\DefaultMetadataModuleConventionsFixture.cs",
"region":  {
"startLine":  53,
"startColumn":  21,
"endLine":  53,
"endColumn":  103
}
}
},
{
"id":  "S2699",
"message":  "Add at least one assertion to this test case.",
"location":  {
"uri":  "sources\Nancy\src\Nancy.Metadata.Modules.Tests\MetadataModuleFixture.cs",
"region":  {
"startLine":  21,
"startColumn":  21,
"endLine":  21,
"endColumn":  56
}
}
},
{
"id":  "S2699",
"message":  "Add at least one assertion to this test case.",
"location":  {
"uri":  "sources\Nancy\src\Nancy.Metadata.Modules.Tests\MetadataModuleFixture.cs",
"region":  {
"startLine":  34,
"startColumn":  21,
"endLine":  34,
"endColumn":  54
}
}
},
{
"id":  "S2699",
"message":  "Add at least one assertion to this test case.",
"location":  {
"uri":  "sources\Nancy\src\Nancy.Metadata.Modules.Tests\MetadataModuleFixture.cs",
"region":  {
"startLine":  41,
"startColumn":  21,
"endLine":  41,
"endColumn":  50
}
}
},
{
"id":  "S2699",
"message":  "Add at least one assertion to this test case.",
"location":  {
"uri":  "sources\Nancy\src\Nancy.Metadata.Modules.Tests\MetadataModuleRouteMetadataProviderFixture.cs",
"region":  {
"startLine":  31,
"startColumn":  21,
"endLine":  31,
"endColumn":  93
}
}
},
{
"id":  "S2699",
"message":  "Add at least one assertion to this test case.",
"location":  {
"uri":  "sources\Nancy\src\Nancy.Metadata.Modules.Tests\MetadataModuleRouteMetadataProviderFixture.cs",
"region":  {
"startLine":  41,
"startColumn":  21,
"endLine":  41,
"endColumn":  88
}
}
},
{
"id":  "S2699",
"message":  "Add at least one assertion to this test case.",
"location":  {
"uri":  "sources\Nancy\src\Nancy.Metadata.Modules.Tests\MetadataModuleRouteMetadataProviderFixture.cs",
"region":  {
"startLine":  51,
"startColumn":  21,
"endLine":  51,
"endColumn":  69
}
}
},
{
"id":  "S2699",
"message":  "Add at least one assertion to this test case.",
"location":  {
"uri":  "sources\Nancy\src\Nancy.Metadata.Modules.Tests\MetadataModuleRouteMetadataProviderFixture.cs",
"region":  {
"startLine":  61,
"startColumn":  21,
"endLine":  61,
"endColumn":  64
}
}
}
]
}
