{
"issues":  [
{
"id":  "S1481",
"message":  "Remove the unused local variable 'a'.",
"location":  {
"uri":  "https://github.com/SonarSource/sonar-dotnet/blob/master/analyzers/its/sources/BlazorSample/BlazorSample/Pages/S6802/S6802.cs#L9",
"region":  {
"startLine":  9,
"startColumn":  17,
"endLine":  9,
"endColumn":  18
}
}
}
]
}
