{
"issues":  [
{
"id":  "S109",
"message":  "Assign this magic number '90' to a well-named variable or constant, and use that instead.",
"location":  {
"uri":  "https://github.com/SonarSource/sonar-dotnet/blob/master/analyzers/its/sources/Damselfly/Damselfly.Core.ImageProcessing/ImageSharpProcessor.cs#L32",
"region":  {
"startLine":  32,
"startColumn":  23,
"endLine":  32,
"endColumn":  25
}
}
},
{
"id":  "S109",
"message":  "Assign this magic number '6' to a well-named variable or constant, and use that instead.",
"location":  {
"uri":  "https://github.com/SonarSource/sonar-dotnet/blob/master/analyzers/its/sources/Damselfly/Damselfly.Core.ImageProcessing/ImageSharpProcessor.cs#L309",
"region":  {
"startLine":  309,
"startColumn":  21,
"endLine":  309,
"endColumn":  22
}
}
},
{
"id":  "S109",
"message":  "Assign this magic number '2' to a well-named variable or constant, and use that instead.",
"location":  {
"uri":  "https://github.com/SonarSource/sonar-dotnet/blob/master/analyzers/its/sources/Damselfly/Damselfly.Core.ImageProcessing/SkiaSharpProcessor.cs#L335",
"region":  {
"startLine":  335,
"startColumn":  70,
"endLine":  335,
"endColumn":  71
}
}
},
{
"id":  "S109",
"message":  "Assign this magic number '2' to a well-named variable or constant, and use that instead.",
"location":  {
"uri":  "https://github.com/SonarSource/sonar-dotnet/blob/master/analyzers/its/sources/Damselfly/Damselfly.Core.ImageProcessing/SkiaSharpProcessor.cs#L335",
"region":  {
"startLine":  335,
"startColumn":  85,
"endLine":  335,
"endColumn":  86
}
}
},
{
"id":  "S109",
"message":  "Assign this magic number '180' to a well-named variable or constant, and use that instead.",
"location":  {
"uri":  "https://github.com/SonarSource/sonar-dotnet/blob/master/analyzers/its/sources/Damselfly/Damselfly.Core.ImageProcessing/SkiaSharpProcessor.cs#L338",
"region":  {
"startLine":  338,
"startColumn":  60,
"endLine":  338,
"endColumn":  63
}
}
},
{
"id":  "S109",
"message":  "Assign this magic number '2' to a well-named variable or constant, and use that instead.",
"location":  {
"uri":  "https://github.com/SonarSource/sonar-dotnet/blob/master/analyzers/its/sources/Damselfly/Damselfly.Core.ImageProcessing/SkiaSharpProcessor.cs#L338",
"region":  {
"startLine":  338,
"startColumn":  76,
"endLine":  338,
"endColumn":  77
}
}
},
{
"id":  "S109",
"message":  "Assign this magic number '2' to a well-named variable or constant, and use that instead.",
"location":  {
"uri":  "https://github.com/SonarSource/sonar-dotnet/blob/master/analyzers/its/sources/Damselfly/Damselfly.Core.ImageProcessing/SkiaSharpProcessor.cs#L338",
"region":  {
"startLine":  338,
"startColumn":  91,
"endLine":  338,
"endColumn":  92
}
}
},
{
"id":  "S109",
"message":  "Assign this magic number '2' to a well-named variable or constant, and use that instead.",
"location":  {
"uri":  "https://github.com/SonarSource/sonar-dotnet/blob/master/analyzers/its/sources/Damselfly/Damselfly.Core.ImageProcessing/SkiaSharpProcessor.cs#L342",
"region":  {
"startLine":  342,
"startColumn":  70,
"endLine":  342,
"endColumn":  71
}
}
},
{
"id":  "S109",
"message":  "Assign this magic number '2' to a well-named variable or constant, and use that instead.",
"location":  {
"uri":  "https://github.com/SonarSource/sonar-dotnet/blob/master/analyzers/its/sources/Damselfly/Damselfly.Core.ImageProcessing/SkiaSharpProcessor.cs#L342",
"region":  {
"startLine":  342,
"startColumn":  85,
"endLine":  342,
"endColumn":  86
}
}
},
{
"id":  "S109",
"message":  "Assign this magic number '90' to a well-named variable or constant, and use that instead.",
"location":  {
"uri":  "https://github.com/SonarSource/sonar-dotnet/blob/master/analyzers/its/sources/Damselfly/Damselfly.Core.ImageProcessing/SkiaSharpProcessor.cs#L350",
"region":  {
"startLine":  350,
"startColumn":  42,
"endLine":  350,
"endColumn":  44
}
}
},
{
"id":  "S109",
"message":  "Assign this magic number '2' to a well-named variable or constant, and use that instead.",
"location":  {
"uri":  "https://github.com/SonarSource/sonar-dotnet/blob/master/analyzers/its/sources/Damselfly/Damselfly.Core.ImageProcessing/SkiaSharpProcessor.cs#L350",
"region":  {
"startLine":  350,
"startColumn":  57,
"endLine":  350,
"endColumn":  58
}
}
},
{
"id":  "S109",
"message":  "Assign this magic number '2' to a well-named variable or constant, and use that instead.",
"location":  {
"uri":  "https://github.com/SonarSource/sonar-dotnet/blob/master/analyzers/its/sources/Damselfly/Damselfly.Core.ImageProcessing/SkiaSharpProcessor.cs#L350",
"region":  {
"startLine":  350,
"startColumn":  72,
"endLine":  350,
"endColumn":  73
}
}
},
{
"id":  "S109",
"message":  "Assign this magic number '2' to a well-named variable or constant, and use that instead.",
"location":  {
"uri":  "https://github.com/SonarSource/sonar-dotnet/blob/master/analyzers/its/sources/Damselfly/Damselfly.Core.ImageProcessing/SkiaSharpProcessor.cs#L351",
"region":  {
"startLine":  351,
"startColumn":  104,
"endLine":  351,
"endColumn":  105
}
}
},
{
"id":  "S109",
"message":  "Assign this magic number '2' to a well-named variable or constant, and use that instead.",
"location":  {
"uri":  "https://github.com/SonarSource/sonar-dotnet/blob/master/analyzers/its/sources/Damselfly/Damselfly.Core.ImageProcessing/SkiaSharpProcessor.cs#L352",
"region":  {
"startLine":  352,
"startColumn":  37,
"endLine":  352,
"endColumn":  38
}
}
},
{
"id":  "S109",
"message":  "Assign this magic number '90' to a well-named variable or constant, and use that instead.",
"location":  {
"uri":  "https://github.com/SonarSource/sonar-dotnet/blob/master/analyzers/its/sources/Damselfly/Damselfly.Core.ImageProcessing/SkiaSharpProcessor.cs#L361",
"region":  {
"startLine":  361,
"startColumn":  42,
"endLine":  361,
"endColumn":  44
}
}
},
{
"id":  "S109",
"message":  "Assign this magic number '90' to a well-named variable or constant, and use that instead.",
"location":  {
"uri":  "https://github.com/SonarSource/sonar-dotnet/blob/master/analyzers/its/sources/Damselfly/Damselfly.Core.ImageProcessing/SkiaSharpProcessor.cs#L370",
"region":  {
"startLine":  370,
"startColumn":  42,
"endLine":  370,
"endColumn":  44
}
}
},
{
"id":  "S109",
"message":  "Assign this magic number '2' to a well-named variable or constant, and use that instead.",
"location":  {
"uri":  "https://github.com/SonarSource/sonar-dotnet/blob/master/analyzers/its/sources/Damselfly/Damselfly.Core.ImageProcessing/SkiaSharpProcessor.cs#L370",
"region":  {
"startLine":  370,
"startColumn":  57,
"endLine":  370,
"endColumn":  58
}
}
},
{
"id":  "S109",
"message":  "Assign this magic number '2' to a well-named variable or constant, and use that instead.",
"location":  {
"uri":  "https://github.com/SonarSource/sonar-dotnet/blob/master/analyzers/its/sources/Damselfly/Damselfly.Core.ImageProcessing/SkiaSharpProcessor.cs#L370",
"region":  {
"startLine":  370,
"startColumn":  72,
"endLine":  370,
"endColumn":  73
}
}
},
{
"id":  "S109",
"message":  "Assign this magic number '2' to a well-named variable or constant, and use that instead.",
"location":  {
"uri":  "https://github.com/SonarSource/sonar-dotnet/blob/master/analyzers/its/sources/Damselfly/Damselfly.Core.ImageProcessing/SkiaSharpProcessor.cs#L371",
"region":  {
"startLine":  371,
"startColumn":  104,
"endLine":  371,
"endColumn":  105
}
}
},
{
"id":  "S109",
"message":  "Assign this magic number '2' to a well-named variable or constant, and use that instead.",
"location":  {
"uri":  "https://github.com/SonarSource/sonar-dotnet/blob/master/analyzers/its/sources/Damselfly/Damselfly.Core.ImageProcessing/SkiaSharpProcessor.cs#L372",
"region":  {
"startLine":  372,
"startColumn":  37,
"endLine":  372,
"endColumn":  38
}
}
},
{
"id":  "S109",
"message":  "Assign this magic number '270' to a well-named variable or constant, and use that instead.",
"location":  {
"uri":  "https://github.com/SonarSource/sonar-dotnet/blob/master/analyzers/its/sources/Damselfly/Damselfly.Core.ImageProcessing/SkiaSharpProcessor.cs#L381",
"region":  {
"startLine":  381,
"startColumn":  42,
"endLine":  381,
"endColumn":  45
}
}
}
]
}
