{
"issues":  [
{
"id":  "S134",
"message":  "Refactor this code to not nest more than 3 control flow statements.",
"location":  {
"uri":  "https://github.com/SonarSource/sonar-dotnet/blob/master/analyzers/its/sources/akka.net/src/contrib/cluster/Akka.Cluster.Tools/PublishSubscribe/DistributedPubSubMediator.cs#L185",
"region":  {
"startLine":  185,
"startColumn":  29,
"endLine":  185,
"endColumn":  31
}
}
},
{
"id":  "S134",
"message":  "Refactor this code to not nest more than 3 control flow statements.",
"location":  {
"uri":  "https://github.com/SonarSource/sonar-dotnet/blob/master/analyzers/its/sources/akka.net/src/contrib/cluster/Akka.Cluster.Tools/PublishSubscribe/DistributedPubSubMediator.cs#L315",
"region":  {
"startLine":  315,
"startColumn":  29,
"endLine":  315,
"endColumn":  31
}
}
},
{
"id":  "S134",
"message":  "Refactor this code to not nest more than 3 control flow statements.",
"location":  {
"uri":  "https://github.com/SonarSource/sonar-dotnet/blob/master/analyzers/its/sources/akka.net/src/contrib/cluster/Akka.Cluster.Tools/PublishSubscribe/DistributedPubSubMediator.cs#L318",
"region":  {
"startLine":  318,
"startColumn":  29,
"endLine":  318,
"endColumn":  31
}
}
},
{
"id":  "S134",
"message":  "Refactor this code to not nest more than 3 control flow statements.",
"location":  {
"uri":  "https://github.com/SonarSource/sonar-dotnet/blob/master/analyzers/its/sources/akka.net/src/contrib/cluster/Akka.Cluster.Tools/PublishSubscribe/DistributedPubSubMediator.cs#L472",
"region":  {
"startLine":  472,
"startColumn":  25,
"endLine":  472,
"endColumn":  27
}
}
},
{
"id":  "S134",
"message":  "Refactor this code to not nest more than 3 control flow statements.",
"location":  {
"uri":  "https://github.com/SonarSource/sonar-dotnet/blob/master/analyzers/its/sources/akka.net/src/contrib/cluster/Akka.Cluster.Tools/Singleton/ClusterSingletonManager.cs#L1061",
"region":  {
"startLine":  1061,
"startColumn":  41,
"endLine":  1061,
"endColumn":  43
}
}
},
{
"id":  "S134",
"message":  "Refactor this code to not nest more than 3 control flow statements.",
"location":  {
"uri":  "https://github.com/SonarSource/sonar-dotnet/blob/master/analyzers/its/sources/akka.net/src/contrib/cluster/Akka.Cluster.Tools/Singleton/ClusterSingletonManager.cs#L1464",
"region":  {
"startLine":  1464,
"startColumn":  33,
"endLine":  1464,
"endColumn":  35
}
}
}
]
}
