{
"issues":  [
{
"id":  "S1128",
"message":  "Remove this unnecessary 'using'.",
"location":  {
"uri":  "https://github.com/SonarSource/sonar-dotnet/blob/master/analyzers/its/sources/akka.net/src/benchmark/Akka.Benchmarks/Actor/ActorSelectionBenchmark.cs#L2",
"region":  {
"startLine":  2,
"startColumn":  1,
"endLine":  2,
"endColumn":  34
}
}
},
{
"id":  "S1128",
"message":  "Remove this unnecessary 'using'.",
"location":  {
"uri":  "https://github.com/SonarSource/sonar-dotnet/blob/master/analyzers/its/sources/akka.net/src/benchmark/Akka.Benchmarks/Actor/ActorSelectionBenchmark.cs#L3",
"region":  {
"startLine":  3,
"startColumn":  1,
"endLine":  3,
"endColumn":  37
}
}
},
{
"id":  "S1128",
"message":  "Remove this unnecessary 'using'.",
"location":  {
"uri":  "https://github.com/SonarSource/sonar-dotnet/blob/master/analyzers/its/sources/akka.net/src/benchmark/Akka.Benchmarks/Actor/ActorSelectionBenchmark.cs#L4",
"region":  {
"startLine":  4,
"startColumn":  1,
"endLine":  4,
"endColumn":  19
}
}
},
{
"id":  "S1128",
"message":  "Remove this unnecessary 'using'.",
"location":  {
"uri":  "https://github.com/SonarSource/sonar-dotnet/blob/master/analyzers/its/sources/akka.net/src/benchmark/Akka.Benchmarks/Actor/ActorSelectionBenchmark.cs#L9",
"region":  {
"startLine":  9,
"startColumn":  1,
"endLine":  9,
"endColumn":  31
}
}
},
{
"id":  "S1128",
"message":  "Remove this unnecessary 'using'.",
"location":  {
"uri":  "https://github.com/SonarSource/sonar-dotnet/blob/master/analyzers/its/sources/akka.net/src/benchmark/Akka.Benchmarks/Actor/PingPongBenchmarks.cs#L12",
"region":  {
"startLine":  12,
"startColumn":  1,
"endLine":  12,
"endColumn":  26
}
}
},
{
"id":  "S1128",
"message":  "Remove this unnecessary 'using'.",
"location":  {
"uri":  "https://github.com/SonarSource/sonar-dotnet/blob/master/analyzers/its/sources/akka.net/src/benchmark/Akka.Benchmarks/Cluster/HeartbeatNodeRingBenchmarks.cs#L5",
"region":  {
"startLine":  5,
"startColumn":  1,
"endLine":  5,
"endColumn":  19
}
}
},
{
"id":  "S1128",
"message":  "Remove this unnecessary 'using'.",
"location":  {
"uri":  "https://github.com/SonarSource/sonar-dotnet/blob/master/analyzers/its/sources/akka.net/src/benchmark/Akka.Benchmarks/Cluster/VectorClockBenchmarks.cs#L5",
"region":  {
"startLine":  5,
"startColumn":  1,
"endLine":  5,
"endColumn":  19
}
}
},
{
"id":  "S1128",
"message":  "Remove this unnecessary 'using'.",
"location":  {
"uri":  "https://github.com/SonarSource/sonar-dotnet/blob/master/analyzers/its/sources/akka.net/src/benchmark/Akka.Benchmarks/IO/TcpOperationsBenchmarks.cs#L9",
"region":  {
"startLine":  9,
"startColumn":  1,
"endLine":  9,
"endColumn":  37
}
}
},
{
"id":  "S1128",
"message":  "Remove this unnecessary 'using'.",
"location":  {
"uri":  "https://github.com/SonarSource/sonar-dotnet/blob/master/analyzers/its/sources/akka.net/src/benchmark/Akka.Benchmarks/IO/TcpOperationsBenchmarks.cs#L11",
"region":  {
"startLine":  11,
"startColumn":  1,
"endLine":  11,
"endColumn":  19
}
}
},
{
"id":  "S1128",
"message":  "Remove this unnecessary 'using'.",
"location":  {
"uri":  "https://github.com/SonarSource/sonar-dotnet/blob/master/analyzers/its/sources/akka.net/src/benchmark/Akka.Benchmarks/IO/TcpOperationsBenchmarks.cs#L13",
"region":  {
"startLine":  13,
"startColumn":  1,
"endLine":  13,
"endColumn":  19
}
}
},
{
"id":  "S1128",
"message":  "Remove this unnecessary 'using'.",
"location":  {
"uri":  "https://github.com/SonarSource/sonar-dotnet/blob/master/analyzers/its/sources/akka.net/src/benchmark/Akka.Benchmarks/IO/TcpOperationsBenchmarks.cs#L17",
"region":  {
"startLine":  17,
"startColumn":  1,
"endLine":  17,
"endColumn":  18
}
}
},
{
"id":  "S1128",
"message":  "Remove this unnecessary 'using'.",
"location":  {
"uri":  "https://github.com/SonarSource/sonar-dotnet/blob/master/analyzers/its/sources/akka.net/src/benchmark/Akka.Benchmarks/IO/TcpOperationsBenchmarks.cs#L19",
"region":  {
"startLine":  19,
"startColumn":  1,
"endLine":  19,
"endColumn":  26
}
}
}
]
}
