{
"issues":  [
{
"id":  "S109",
"message":  "Assign this magic number '3' to a well-named (variable|constant), and use the (variable|constant) instead.",
"location":  {
"uri":  "https://github.com/SonarSource/sonar-dotnet/blob/master/analyzers/its/sources/akka.net/src/core/Akka.Discovery/ServiceDiscovery.cs#L220",
"region":  {
"startLine":  220,
"startColumn":  65,
"endLine":  220,
"endColumn":  66
}
}
},
{
"id":  "S109",
"message":  "Assign this magic number '3' to a well-named (variable|constant), and use the (variable|constant) instead.",
"location":  {
"uri":  "https://github.com/SonarSource/sonar-dotnet/blob/master/analyzers/its/sources/akka.net/src/core/Akka.Discovery/ServiceDiscovery.cs#L222",
"region":  {
"startLine":  222,
"startColumn":  48,
"endLine":  222,
"endColumn":  49
}
}
},
{
"id":  "S109",
"message":  "Assign this magic number '2' to a well-named (variable|constant), and use the (variable|constant) instead.",
"location":  {
"uri":  "https://github.com/SonarSource/sonar-dotnet/blob/master/analyzers/its/sources/akka.net/src/core/Akka.Discovery/ServiceDiscovery.cs#L222",
"region":  {
"startLine":  222,
"startColumn":  94,
"endLine":  222,
"endColumn":  95
}
}
},
{
"id":  "S109",
"message":  "Assign this magic number '3' to a well-named (variable|constant), and use the (variable|constant) instead.",
"location":  {
"uri":  "https://github.com/SonarSource/sonar-dotnet/blob/master/analyzers/its/sources/akka.net/src/core/Akka.Discovery/ServiceDiscovery.cs#L236",
"region":  {
"startLine":  236,
"startColumn":  68,
"endLine":  236,
"endColumn":  69
}
}
}
]
}
