{
"issues":  [
{
"id":  "S3990",
"message":  "Provide a 'CLSCompliant' attribute for assembly 'Akka.Cluster.TestKit'.",
"location":  null
}
]
}
