{
"issues":  [
{
"id":  "S109",
"message":  "Assign this magic number '15' to a well-named variable or constant, and use that instead.",
"location":  {
"uri":  "https://github.com/SonarSource/sonar-dotnet/blob/master/analyzers/its/sources/akka.net/src/core/Akka.MultiNodeTestRunner.Shared/Persistence/TimelineItemFactory.cs#L48",
"region":  {
"startLine":  48,
"startColumn":  63,
"endLine":  48,
"endColumn":  65
}
}
}
]
}
