{
"issues":  [
{
"id":  "S1128",
"message":  "Remove this unnecessary 'using'.",
"location":  {
"uri":  "https://github.com/SonarSource/sonar-dotnet/blob/master/analyzers/its/sources/akka.net/src/core/Akka.TestKit/ActorCellKeepingSynchronizationContext.cs#L9",
"region":  {
"startLine":  9,
"startColumn":  1,
"endLine":  9,
"endColumn":  34
}
}
},
{
"id":  "S1128",
"message":  "Remove this unnecessary 'using'.",
"location":  {
"uri":  "https://github.com/SonarSource/sonar-dotnet/blob/master/analyzers/its/sources/akka.net/src/core/Akka.TestKit/ActorCellKeepingSynchronizationContext.cs#L10",
"region":  {
"startLine":  10,
"startColumn":  1,
"endLine":  10,
"endColumn":  19
}
}
},
{
"id":  "S1128",
"message":  "Remove this unnecessary 'using'.",
"location":  {
"uri":  "https://github.com/SonarSource/sonar-dotnet/blob/master/analyzers/its/sources/akka.net/src/core/Akka.TestKit/ActorCellKeepingSynchronizationContext.cs#L11",
"region":  {
"startLine":  11,
"startColumn":  1,
"endLine":  11,
"endColumn":  19
}
}
},
{
"id":  "S1128",
"message":  "Remove this unnecessary 'using'.",
"location":  {
"uri":  "https://github.com/SonarSource/sonar-dotnet/blob/master/analyzers/its/sources/akka.net/src/core/Akka.TestKit/CallingThreadDispatcher.cs#L8",
"region":  {
"startLine":  8,
"startColumn":  1,
"endLine":  8,
"endColumn":  14
}
}
},
{
"id":  "S1128",
"message":  "Remove this unnecessary 'using'.",
"location":  {
"uri":  "https://github.com/SonarSource/sonar-dotnet/blob/master/analyzers/its/sources/akka.net/src/core/Akka.TestKit/Internal/InternalTestActorRef.cs#L12",
"region":  {
"startLine":  12,
"startColumn":  1,
"endLine":  12,
"endColumn":  28
}
}
},
{
"id":  "S1128",
"message":  "Remove this unnecessary 'using'.",
"location":  {
"uri":  "https://github.com/SonarSource/sonar-dotnet/blob/master/analyzers/its/sources/akka.net/src/core/Akka.TestKit/Properties/AssemblyInfo.cs#L8",
"region":  {
"startLine":  8,
"startColumn":  1,
"endLine":  8,
"endColumn":  25
}
}
},
{
"id":  "S1128",
"message":  "Remove this unnecessary 'using'.",
"location":  {
"uri":  "https://github.com/SonarSource/sonar-dotnet/blob/master/analyzers/its/sources/akka.net/src/core/Akka.TestKit/TestActorRefBase.cs#L11",
"region":  {
"startLine":  11,
"startColumn":  1,
"endLine":  11,
"endColumn":  21
}
}
},
{
"id":  "S1128",
"message":  "Remove this unnecessary 'using'.",
"location":  {
"uri":  "https://github.com/SonarSource/sonar-dotnet/blob/master/analyzers/its/sources/akka.net/src/core/Akka.TestKit/TestBreaker.cs#L8",
"region":  {
"startLine":  8,
"startColumn":  1,
"endLine":  8,
"endColumn":  14
}
}
},
{
"id":  "S1128",
"message":  "Remove this unnecessary 'using'.",
"location":  {
"uri":  "https://github.com/SonarSource/sonar-dotnet/blob/master/analyzers/its/sources/akka.net/src/core/Akka.TestKit/TestBreaker.cs#L9",
"region":  {
"startLine":  9,
"startColumn":  1,
"endLine":  9,
"endColumn":  19
}
}
},
{
"id":  "S1128",
"message":  "Remove this unnecessary 'using'.",
"location":  {
"uri":  "https://github.com/SonarSource/sonar-dotnet/blob/master/analyzers/its/sources/akka.net/src/core/Akka.TestKit/TestBreaker.cs#L10",
"region":  {
"startLine":  10,
"startColumn":  1,
"endLine":  10,
"endColumn":  36
}
}
},
{
"id":  "S1128",
"message":  "Remove this unnecessary 'using'.",
"location":  {
"uri":  "https://github.com/SonarSource/sonar-dotnet/blob/master/analyzers/its/sources/akka.net/src/core/Akka.TestKit/TestBreaker.cs#L12",
"region":  {
"startLine":  12,
"startColumn":  1,
"endLine":  12,
"endColumn":  30
}
}
},
{
"id":  "S1128",
"message":  "Remove this unnecessary 'using'.",
"location":  {
"uri":  "https://github.com/SonarSource/sonar-dotnet/blob/master/analyzers/its/sources/akka.net/src/core/Akka.TestKit/TestKitBase.cs#L16",
"region":  {
"startLine":  16,
"startColumn":  1,
"endLine":  16,
"endColumn":  20
}
}
},
{
"id":  "S1128",
"message":  "Remove this unnecessary 'using'.",
"location":  {
"uri":  "https://github.com/SonarSource/sonar-dotnet/blob/master/analyzers/its/sources/akka.net/src/core/Akka.TestKit/TestLatch.cs#L11",
"region":  {
"startLine":  11,
"startColumn":  1,
"endLine":  11,
"endColumn":  18
}
}
}
]
}
