{
"issues":  [
{
"id":  "S138",
"message":  "This method 'Main' has 81 lines, which is greater than the 80 lines authorized. Split it into smaller methods.",
"location":  {
"uri":  "https://github.com/SonarSource/sonar-dotnet/blob/master/analyzers/its/sources/akka.net/src/core/Akka.NodeTestRunner/Program.cs#L37",
"region":  {
"startLine":  37,
"startColumn":  20,
"endLine":  37,
"endColumn":  24
}
}
}
]
}
