{
"issues":  [
{
"id":  "S1481",
"message":  "Remove the unused local variable 'localSeen'.",
"location":  {
"uri":  "https://github.com/SonarSource/sonar-dotnet/blob/master/analyzers/its/sources/akka.net/src/core/Akka.Cluster/ClusterDaemon.cs#L1733",
"region":  {
"startLine":  1733,
"startColumn":  17,
"endLine":  1733,
"endColumn":  26
}
}
},
{
"id":  "S1481",
"message":  "Remove the unused local variable 'member'.",
"location":  {
"uri":  "https://github.com/SonarSource/sonar-dotnet/blob/master/analyzers/its/sources/akka.net/src/core/Akka.Cluster/Routing/ClusterRoutingConfig.cs#L780",
"region":  {
"startLine":  780,
"startColumn":  51,
"endLine":  780,
"endColumn":  57
}
}
},
{
"id":  "S1481",
"message":  "Remove the unused local variable 'poolSize'.",
"location":  {
"uri":  "https://github.com/SonarSource/sonar-dotnet/blob/master/analyzers/its/sources/akka.net/src/core/Akka.Cluster/Routing/ClusterRoutingConfig.cs#L1004",
"region":  {
"startLine":  1004,
"startColumn":  37,
"endLine":  1004,
"endColumn":  45
}
}
},
{
"id":  "S1481",
"message":  "Remove the unused local variable 'lr'.",
"location":  {
"uri":  "https://github.com/SonarSource/sonar-dotnet/blob/master/analyzers/its/sources/akka.net/src/core/Akka.Cluster/SBR/SplitBrainResolver.cs#L432",
"region":  {
"startLine":  432,
"startColumn":  45,
"endLine":  432,
"endColumn":  47
}
}
}
]
}
