{
"issues":  [
{
"id":  "S4056",
"message":  "Use the overload that takes a 'CultureInfo' or 'IFormatProvider' parameter.",
"location":  {
"uri":  "https://github.com/SonarSource/sonar-dotnet/blob/master/analyzers/its/sources/akka.net/src/core/Akka.Streams.TestKit/TestSubscriber.cs#L513",
"region":  {
"startLine":  513,
"startColumn":  53,
"endLine":  513,
"endColumn":  80
}
}
},
{
"id":  "S4056",
"message":  "Use the overload that takes a 'CultureInfo' or 'IFormatProvider' parameter.",
"location":  {
"uri":  "https://github.com/SonarSource/sonar-dotnet/blob/master/analyzers/its/sources/akka.net/src/core/Akka.Streams.TestKit/TestSubscriber.cs#L518",
"region":  {
"startLine":  518,
"startColumn":  55,
"endLine":  518,
"endColumn":  82
}
}
},
{
"id":  "S4056",
"message":  "Use the overload that takes a 'CultureInfo' or 'IFormatProvider' parameter.",
"location":  {
"uri":  "https://github.com/SonarSource/sonar-dotnet/blob/master/analyzers/its/sources/akka.net/src/core/Akka.Streams.TestKit/TestSubscriber.cs#L523",
"region":  {
"startLine":  523,
"startColumn":  56,
"endLine":  523,
"endColumn":  83
}
}
}
]
}
