{
"issues":  [
{
"id":  "S3990",
"message":  "Provide a 'CLSCompliant' attribute for assembly 'Samples.Cluster.Metrics.Common'.",
"location":  null
}
]
}
