{
"issues":  [
{
"id":  "S1645",
"message":  "Switch this use of the '+' operator to the '&'.",
"location":  {
"uri":  "https://github.com/SonarSource/sonar-dotnet/blob/master/analyzers/its/sources/Ember-MM/EmberAPI/clsAPIDVD.vb#L178",
"region":  {
"startLine":  178,
"startColumn":  33,
"endLine":  178,
"endColumn":  34
}
}
},
{
"id":  "S1645",
"message":  "Switch this use of the '+' operator to the '&'.",
"location":  {
"uri":  "https://github.com/SonarSource/sonar-dotnet/blob/master/analyzers/its/sources/Ember-MM/EmberAPI/clsAPINFO.vb#L1084",
"region":  {
"startLine":  1084,
"startColumn":  37,
"endLine":  1084,
"endColumn":  38
}
}
}
]
}
