{
"issues":  [
{
"id":  "S3776",
"message":  "Refactor this method to reduce its Cognitive Complexity from 68 to the 15 allowed.",
"location":  [
{
"uri":  "https://github.com/SonarSource/sonar-dotnet/blob/master/analyzers/its/sources/Ember-MM/Addons/generic.EmberCore.Extractor/clsExtractor.vb#L131",
"region":  {
"startLine":  131,
"startColumn":  21,
"endLine":  131,
"endColumn":  33
}
},
{
"uri":  "https://github.com/SonarSource/sonar-dotnet/blob/master/analyzers/its/sources/Ember-MM/Addons/generic.EmberCore.Extractor/clsExtractor.vb#L135",
"region":  {
"startLine":  135,
"startColumn":  17,
"endLine":  135,
"endColumn":  19
}
},
{
"uri":  "https://github.com/SonarSource/sonar-dotnet/blob/master/analyzers/its/sources/Ember-MM/Addons/generic.EmberCore.Extractor/clsExtractor.vb#L135",
"region":  {
"startLine":  135,
"startColumn":  38,
"endLine":  135,
"endColumn":  45
}
},
{
"uri":  "https://github.com/SonarSource/sonar-dotnet/blob/master/analyzers/its/sources/Ember-MM/Addons/generic.EmberCore.Extractor/clsExtractor.vb#L143",
"region":  {
"startLine":  143,
"startColumn":  21,
"endLine":  143,
"endColumn":  23
}
},
{
"uri":  "https://github.com/SonarSource/sonar-dotnet/blob/master/analyzers/its/sources/Ember-MM/Addons/generic.EmberCore.Extractor/clsExtractor.vb#L146",
"region":  {
"startLine":  146,
"startColumn":  21,
"endLine":  146,
"endColumn":  25
}
},
{
"uri":  "https://github.com/SonarSource/sonar-dotnet/blob/master/analyzers/its/sources/Ember-MM/Addons/generic.EmberCore.Extractor/clsExtractor.vb#L147",
"region":  {
"startLine":  147,
"startColumn":  25,
"endLine":  147,
"endColumn":  27
}
},
{
"uri":  "https://github.com/SonarSource/sonar-dotnet/blob/master/analyzers/its/sources/Ember-MM/Addons/generic.EmberCore.Extractor/clsExtractor.vb#L147",
"region":  {
"startLine":  147,
"startColumn":  59,
"endLine":  147,
"endColumn":  66
}
},
{
"uri":  "https://github.com/SonarSource/sonar-dotnet/blob/master/analyzers/its/sources/Ember-MM/Addons/generic.EmberCore.Extractor/clsExtractor.vb#L150",
"region":  {
"startLine":  150,
"startColumn":  25,
"endLine":  150,
"endColumn":  31
}
},
{
"uri":  "https://github.com/SonarSource/sonar-dotnet/blob/master/analyzers/its/sources/Ember-MM/Addons/generic.EmberCore.Extractor/clsExtractor.vb#L150",
"region":  {
"startLine":  150,
"startColumn":  63,
"endLine":  150,
"endColumn":  70
}
},
{
"uri":  "https://github.com/SonarSource/sonar-dotnet/blob/master/analyzers/its/sources/Ember-MM/Addons/generic.EmberCore.Extractor/clsExtractor.vb#L153",
"region":  {
"startLine":  153,
"startColumn":  25,
"endLine":  153,
"endColumn":  29
}
},
{
"uri":  "https://github.com/SonarSource/sonar-dotnet/blob/master/analyzers/its/sources/Ember-MM/Addons/generic.EmberCore.Extractor/clsExtractor.vb#L155",
"region":  {
"startLine":  155,
"startColumn":  29,
"endLine":  155,
"endColumn":  31
}
},
{
"uri":  "https://github.com/SonarSource/sonar-dotnet/blob/master/analyzers/its/sources/Ember-MM/Addons/generic.EmberCore.Extractor/clsExtractor.vb#L155",
"region":  {
"startLine":  155,
"startColumn":  76,
"endLine":  155,
"endColumn":  82
}
},
{
"uri":  "https://github.com/SonarSource/sonar-dotnet/blob/master/analyzers/its/sources/Ember-MM/Addons/generic.EmberCore.Extractor/clsExtractor.vb#L157",
"region":  {
"startLine":  157,
"startColumn":  29,
"endLine":  157,
"endColumn":  33
}
},
{
"uri":  "https://github.com/SonarSource/sonar-dotnet/blob/master/analyzers/its/sources/Ember-MM/Addons/generic.EmberCore.Extractor/clsExtractor.vb#L163",
"region":  {
"startLine":  163,
"startColumn":  21,
"endLine":  163,
"endColumn":  23
}
},
{
"uri":  "https://github.com/SonarSource/sonar-dotnet/blob/master/analyzers/its/sources/Ember-MM/Addons/generic.EmberCore.Extractor/clsExtractor.vb#L180",
"region":  {
"startLine":  180,
"startColumn":  21,
"endLine":  180,
"endColumn":  23
}
},
{
"uri":  "https://github.com/SonarSource/sonar-dotnet/blob/master/analyzers/its/sources/Ember-MM/Addons/generic.EmberCore.Extractor/clsExtractor.vb#L182",
"region":  {
"startLine":  182,
"startColumn":  25,
"endLine":  182,
"endColumn":  27
}
},
{
"uri":  "https://github.com/SonarSource/sonar-dotnet/blob/master/analyzers/its/sources/Ember-MM/Addons/generic.EmberCore.Extractor/clsExtractor.vb#L184",
"region":  {
"startLine":  184,
"startColumn":  29,
"endLine":  184,
"endColumn":  31
}
},
{
"uri":  "https://github.com/SonarSource/sonar-dotnet/blob/master/analyzers/its/sources/Ember-MM/Addons/generic.EmberCore.Extractor/clsExtractor.vb#L189",
"region":  {
"startLine":  189,
"startColumn":  50,
"endLine":  189,
"endColumn":  57
}
},
{
"uri":  "https://github.com/SonarSource/sonar-dotnet/blob/master/analyzers/its/sources/Ember-MM/Addons/generic.EmberCore.Extractor/clsExtractor.vb#L191",
"region":  {
"startLine":  191,
"startColumn":  21,
"endLine":  191,
"endColumn":  23
}
},
{
"uri":  "https://github.com/SonarSource/sonar-dotnet/blob/master/analyzers/its/sources/Ember-MM/Addons/generic.EmberCore.Extractor/clsExtractor.vb#L196",
"region":  {
"startLine":  196,
"startColumn":  21,
"endLine":  196,
"endColumn":  23
}
},
{
"uri":  "https://github.com/SonarSource/sonar-dotnet/blob/master/analyzers/its/sources/Ember-MM/Addons/generic.EmberCore.Extractor/clsExtractor.vb#L198",
"region":  {
"startLine":  198,
"startColumn":  21,
"endLine":  198,
"endColumn":  23
}
},
{
"uri":  "https://github.com/SonarSource/sonar-dotnet/blob/master/analyzers/its/sources/Ember-MM/Addons/generic.EmberCore.Extractor/clsExtractor.vb#L198",
"region":  {
"startLine":  198,
"startColumn":  39,
"endLine":  198,
"endColumn":  46
}
},
{
"uri":  "https://github.com/SonarSource/sonar-dotnet/blob/master/analyzers/its/sources/Ember-MM/Addons/generic.EmberCore.Extractor/clsExtractor.vb#L198",
"region":  {
"startLine":  198,
"startColumn":  131,
"endLine":  198,
"endColumn":  137
}
},
{
"uri":  "https://github.com/SonarSource/sonar-dotnet/blob/master/analyzers/its/sources/Ember-MM/Addons/generic.EmberCore.Extractor/clsExtractor.vb#L198",
"region":  {
"startLine":  198,
"startColumn":  87,
"endLine":  198,
"endColumn":  94
}
},
{
"uri":  "https://github.com/SonarSource/sonar-dotnet/blob/master/analyzers/its/sources/Ember-MM/Addons/generic.EmberCore.Extractor/clsExtractor.vb#L198",
"region":  {
"startLine":  198,
"startColumn":  181,
"endLine":  198,
"endColumn":  188
}
},
{
"uri":  "https://github.com/SonarSource/sonar-dotnet/blob/master/analyzers/its/sources/Ember-MM/Addons/generic.EmberCore.Extractor/clsExtractor.vb#L199",
"region":  {
"startLine":  199,
"startColumn":  25,
"endLine":  199,
"endColumn":  27
}
},
{
"uri":  "https://github.com/SonarSource/sonar-dotnet/blob/master/analyzers/its/sources/Ember-MM/Addons/generic.EmberCore.Extractor/clsExtractor.vb#L203",
"region":  {
"startLine":  203,
"startColumn":  25,
"endLine":  203,
"endColumn":  29
}
},
{
"uri":  "https://github.com/SonarSource/sonar-dotnet/blob/master/analyzers/its/sources/Ember-MM/Addons/generic.EmberCore.Extractor/clsExtractor.vb#L209",
"region":  {
"startLine":  209,
"startColumn":  25,
"endLine":  209,
"endColumn":  28
}
},
{
"uri":  "https://github.com/SonarSource/sonar-dotnet/blob/master/analyzers/its/sources/Ember-MM/Addons/generic.EmberCore.Extractor/clsExtractor.vb#L212",
"region":  {
"startLine":  212,
"startColumn":  29,
"endLine":  212,
"endColumn":  31
}
},
{
"uri":  "https://github.com/SonarSource/sonar-dotnet/blob/master/analyzers/its/sources/Ember-MM/Addons/generic.EmberCore.Extractor/clsExtractor.vb#L218",
"region":  {
"startLine":  218,
"startColumn":  33,
"endLine":  218,
"endColumn":  35
}
},
{
"uri":  "https://github.com/SonarSource/sonar-dotnet/blob/master/analyzers/its/sources/Ember-MM/Addons/generic.EmberCore.Extractor/clsExtractor.vb#L229",
"region":  {
"startLine":  229,
"startColumn":  21,
"endLine":  229,
"endColumn":  23
}
},
{
"uri":  "https://github.com/SonarSource/sonar-dotnet/blob/master/analyzers/its/sources/Ember-MM/Addons/generic.EmberCore.Extractor/clsExtractor.vb#L234",
"region":  {
"startLine":  234,
"startColumn":  21,
"endLine":  234,
"endColumn":  26
}
},
{
"uri":  "https://github.com/SonarSource/sonar-dotnet/blob/master/analyzers/its/sources/Ember-MM/Addons/generic.EmberCore.Extractor/clsExtractor.vb#L237",
"region":  {
"startLine":  237,
"startColumn":  21,
"endLine":  237,
"endColumn":  23
}
},
{
"uri":  "https://github.com/SonarSource/sonar-dotnet/blob/master/analyzers/its/sources/Ember-MM/Addons/generic.EmberCore.Extractor/clsExtractor.vb#L239",
"region":  {
"startLine":  239,
"startColumn":  21,
"endLine":  239,
"endColumn":  25
}
},
{
"uri":  "https://github.com/SonarSource/sonar-dotnet/blob/master/analyzers/its/sources/Ember-MM/Addons/generic.EmberCore.Extractor/clsExtractor.vb#L243",
"region":  {
"startLine":  243,
"startColumn":  29,
"endLine":  243,
"endColumn":  31
}
},
{
"uri":  "https://github.com/SonarSource/sonar-dotnet/blob/master/analyzers/its/sources/Ember-MM/Addons/generic.EmberCore.Extractor/clsExtractor.vb#L243",
"region":  {
"startLine":  243,
"startColumn":  59,
"endLine":  243,
"endColumn":  66
}
},
{
"uri":  "https://github.com/SonarSource/sonar-dotnet/blob/master/analyzers/its/sources/Ember-MM/Addons/generic.EmberCore.Extractor/clsExtractor.vb#L252",
"region":  {
"startLine":  252,
"startColumn":  13,
"endLine":  252,
"endColumn":  18
}
}
]
}
]
}
