{
"issues":  [
{
"id":  "S1481",
"message":  "Remove the unused local variable 'uni'.",
"location":  {
"uri":  "https://github.com/SonarSource/sonar-dotnet/blob/master/analyzers/its/sources/Ember-MM/Addons/generic.EmberCore.MovieExport/dlgExportMovies.vb#L238",
"region":  {
"startLine":  238,
"startColumn":  21,
"endLine":  238,
"endColumn":  24
}
}
},
{
"id":  "S1481",
"message":  "Remove the unused local variable 'oFile'.",
"location":  {
"uri":  "https://github.com/SonarSource/sonar-dotnet/blob/master/analyzers/its/sources/Ember-MM/Addons/generic.EmberCore.MovieExport/dlgExportMovies.vb#L673",
"region":  {
"startLine":  673,
"startColumn":  21,
"endLine":  673,
"endColumn":  26
}
}
}
]
}
