{
"issues":  [
{
"id":  "S1451",
"message":  "Add or update the header of this file.",
"location":  {
"uri":  "https://github.com/SonarSource/sonar-dotnet/blob/master/analyzers/its/sources/Net5/Net5Samples/JsonSerializerPreserveReference/Program.cs#L1",
"region":  {
"startLine":  1,
"startColumn":  1,
"endLine":  1,
"endColumn":  1
}
}
}
]
}
