{
  "Issues": [
    {
      "Id": "S103",
      "Message": "Split this 219 characters long line (which is greater than 200 authorized).",
      "Uri": "https://github.com/SonarSource/sonar-dotnet/blob/master/analyzers/its/sources/ManuallyAddedNoncompliantIssues.CS/IntentionalFindings/S6673.cs#L9",
      "Location": "Line 9 Position 1-220"
    }
  ]
}