{
  "Issues": [
    {
      "Id": "S1133",
      "Message": "Do not forget to remove this deprecated code someday.",
      "Uri": "https://github.com/SonarSource/sonar-dotnet/blob/master/analyzers/its/sources/Net7/Net7/features/ExtendedNameofScope.cs#L11",
      "Location": "Line 11 Position 10-38"
    },
    {
      "Id": "S1133",
      "Message": "Do not forget to remove this deprecated code someday.",
      "Uri": "https://github.com/SonarSource/sonar-dotnet/blob/master/analyzers/its/sources/Net7/Net7/features/ExtendedNameofScope.cs#L5",
      "Location": "Line 5 Position 10-35"
    }
  ]
}