{
  "Issues": [
    {
      "Id": "S3059",
      "Message": "Types should not have members with visibility set higher than the type\u0027s visibility",
      "Uri": "https://github.com/SonarSource/sonar-dotnet/blob/master/analyzers/its/sources/Net7/Net7/features/AutoDefaultStruct.cs#L3",
      "Location": "Line 3 Position 20-37"
    },
    {
      "Id": "S3059",
      "Message": "Types should not have members with visibility set higher than the type\u0027s visibility",
      "Uri": "https://github.com/SonarSource/sonar-dotnet/blob/master/analyzers/its/sources/Net7/Net7/features/CheckedAndUncheckedUserDefinedOperators.cs#L3",
      "Location": "Line 3 Position 20-59"
    },
    {
      "Id": "S3059",
      "Message": "Types should not have members with visibility set higher than the type\u0027s visibility",
      "Uri": "https://github.com/SonarSource/sonar-dotnet/blob/master/analyzers/its/sources/Net7/Net7/features/ExtendedNameofScope.cs#L3",
      "Location": "Line 3 Position 20-39"
    },
    {
      "Id": "S3059",
      "Message": "Types should not have members with visibility set higher than the type\u0027s visibility",
      "Uri": "https://github.com/SonarSource/sonar-dotnet/blob/master/analyzers/its/sources/Net7/Net7/features/GenericAttributes.cs#L3",
      "Location": "Line 3 Position 20-37"
    },
    {
      "Id": "S3059",
      "Message": "Types should not have members with visibility set higher than the type\u0027s visibility",
      "Uri": "https://github.com/SonarSource/sonar-dotnet/blob/master/analyzers/its/sources/Net7/Net7/features/ListPatterns.cs#L3",
      "Location": "Line 3 Position 20-32"
    },
    {
      "Id": "S3059",
      "Message": "Types should not have members with visibility set higher than the type\u0027s visibility",
      "Uri": "https://github.com/SonarSource/sonar-dotnet/blob/master/analyzers/its/sources/Net7/Net7/features/NewlinesInStringInterpolations.cs#L3",
      "Location": "Line 3 Position 20-50"
    },
    {
      "Id": "S3059",
      "Message": "Types should not have members with visibility set higher than the type\u0027s visibility",
      "Uri": "https://github.com/SonarSource/sonar-dotnet/blob/master/analyzers/its/sources/Net7/Net7/features/NumericIntPtrAndUIntPtr.cs#L3",
      "Location": "Line 3 Position 20-43"
    },
    {
      "Id": "S3059",
      "Message": "Types should not have members with visibility set higher than the type\u0027s visibility",
      "Uri": "https://github.com/SonarSource/sonar-dotnet/blob/master/analyzers/its/sources/Net7/Net7/features/PatternMatchSpanOrReadOnlySpanOnAConstantString.cs#L3",
      "Location": "Line 3 Position 20-67"
    },
    {
      "Id": "S3059",
      "Message": "Types should not have members with visibility set higher than the type\u0027s visibility",
      "Uri": "https://github.com/SonarSource/sonar-dotnet/blob/master/analyzers/its/sources/Net7/Net7/features/RawStringLiterals.cs#L3",
      "Location": "Line 3 Position 20-37"
    },
    {
      "Id": "S3059",
      "Message": "Types should not have members with visibility set higher than the type\u0027s visibility",
      "Uri": "https://github.com/SonarSource/sonar-dotnet/blob/master/analyzers/its/sources/Net7/Net7/features/RefFieldsAndRefScopedVariables.cs#L3",
      "Location": "Line 3 Position 20-50"
    },
    {
      "Id": "S3059",
      "Message": "Types should not have members with visibility set higher than the type\u0027s visibility",
      "Uri": "https://github.com/SonarSource/sonar-dotnet/blob/master/analyzers/its/sources/Net7/Net7/features/RelaxedShiftOperator.cs#L3",
      "Location": "Line 3 Position 20-40"
    },
    {
      "Id": "S3059",
      "Message": "Types should not have members with visibility set higher than the type\u0027s visibility",
      "Uri": "https://github.com/SonarSource/sonar-dotnet/blob/master/analyzers/its/sources/Net7/Net7/features/RequiredMembers.cs#L5",
      "Location": "Line 5 Position 20-35"
    },
    {
      "Id": "S3059",
      "Message": "Types should not have members with visibility set higher than the type\u0027s visibility",
      "Uri": "https://github.com/SonarSource/sonar-dotnet/blob/master/analyzers/its/sources/Net7/Net7/features/StaticVirtualMembersInInterfaces.cs#L22",
      "Location": "Line 22 Position 20-28"
    },
    {
      "Id": "S3059",
      "Message": "Types should not have members with visibility set higher than the type\u0027s visibility",
      "Uri": "https://github.com/SonarSource/sonar-dotnet/blob/master/analyzers/its/sources/Net7/Net7/features/StaticVirtualMembersInInterfaces.cs#L8",
      "Location": "Line 8 Position 21-35"
    },
    {
      "Id": "S3059",
      "Message": "Types should not have members with visibility set higher than the type\u0027s visibility",
      "Uri": "https://github.com/SonarSource/sonar-dotnet/blob/master/analyzers/its/sources/Net7/Net7/features/UnsignedRightShiftOperator.cs#L3",
      "Location": "Line 3 Position 20-46"
    },
    {
      "Id": "S3059",
      "Message": "Types should not have members with visibility set higher than the type\u0027s visibility",
      "Uri": "https://github.com/SonarSource/sonar-dotnet/blob/master/analyzers/its/sources/Net7/Net7/features/UTF8StringLiterals.cs#L3",
      "Location": "Line 3 Position 20-38"
    },
    {
      "Id": "S3059",
      "Message": "Types should not have members with visibility set higher than the type\u0027s visibility",
      "Uri": "https://github.com/SonarSource/sonar-dotnet/blob/master/analyzers/its/sources/Net7/Net7/features/WarningWave7.cs#L3",
      "Location": "Line 3 Position 20-32"
    }
  ]
}