{
"issues":  [
{
"id":  "S4784",
"message":  "Make sure that using a regular expression is safe here.",
"location":  {
"uri":  "sources\Ember-MM\Addons\generic.EmberCore.WebServer\Server\clsWebContent.vb",
"region":  {
"startLine":  127,
"startColumn":  50,
"endLine":  127,
"endColumn":  121
}
}
},
{
"id":  "S4784",
"message":  "Make sure that using a regular expression is safe here.",
"location":  {
"uri":  "sources\Ember-MM\Addons\generic.EmberCore.WebServer\Server\clsWebContent.vb",
"region":  {
"startLine":  242,
"startColumn":  36,
"endLine":  242,
"endColumn":  110
}
}
},
{
"id":  "S4784",
"message":  "Make sure that using a regular expression is safe here.",
"location":  {
"uri":  "sources\Ember-MM\Addons\generic.EmberCore.WebServer\Server\clsWebContent.vb",
"region":  {
"startLine":  265,
"startColumn":  36,
"endLine":  265,
"endColumn":  106
}
}
},
{
"id":  "S4784",
"message":  "Make sure that using a regular expression is safe here.",
"location":  {
"uri":  "sources\Ember-MM\Addons\generic.EmberCore.WebServer\Server\clsWebContent.vb",
"region":  {
"startLine":  279,
"startColumn":  36,
"endLine":  279,
"endColumn":  115
}
}
},
{
"id":  "S4784",
"message":  "Make sure that using a regular expression is safe here.",
"location":  {
"uri":  "sources\Ember-MM\Addons\generic.EmberCore.WebServer\Server\clsWebContent.vb",
"region":  {
"startLine":  293,
"startColumn":  36,
"endLine":  293,
"endColumn":  120
}
}
},
{
"id":  "S4784",
"message":  "Make sure that using a regular expression is safe here.",
"location":  {
"uri":  "sources\Ember-MM\Addons\generic.EmberCore.WebServer\Server\clsWebContent.vb",
"region":  {
"startLine":  307,
"startColumn":  36,
"endLine":  307,
"endColumn":  115
}
}
}
]
}
