{
"issues":  [
{
"id":  "S1186",
"message":  "Add a nested comment explaining why this method is empty, throw a 'NotSupportedException' or complete the implementation.",
"location":  {
"uri":  "https://github.com/SonarSource/sonar-dotnet/blob/master/analyzers/its/sources/GeneratedCode.CS/compiler_generated.cs#L15",
"region":  {
"startLine":  15,
"startColumn":  22,
"endLine":  15,
"endColumn":  25
}
}
},
{
"id":  "S1186",
"message":  "Add a nested comment explaining why this method is empty, throw a 'NotSupportedException' or complete the implementation.",
"location":  {
"uri":  "https://github.com/SonarSource/sonar-dotnet/blob/master/analyzers/its/sources/GeneratedCode.CS/compiler_generated_attr.cs#L15",
"region":  {
"startLine":  15,
"startColumn":  22,
"endLine":  15,
"endColumn":  25
}
}
},
{
"id":  "S1186",
"message":  "Add a nested comment explaining why this method is empty, throw a 'NotSupportedException' or complete the implementation.",
"location":  {
"uri":  "https://github.com/SonarSource/sonar-dotnet/blob/master/analyzers/its/sources/GeneratedCode.CS/debugger_non_user_code.cs#L15",
"region":  {
"startLine":  15,
"startColumn":  22,
"endLine":  15,
"endColumn":  25
}
}
},
{
"id":  "S1186",
"message":  "Add a nested comment explaining why this method is empty, throw a 'NotSupportedException' or complete the implementation.",
"location":  {
"uri":  "https://github.com/SonarSource/sonar-dotnet/blob/master/analyzers/its/sources/GeneratedCode.CS/debugger_non_user_code_attr.cs#L15",
"region":  {
"startLine":  15,
"startColumn":  22,
"endLine":  15,
"endColumn":  25
}
}
},
{
"id":  "S1186",
"message":  "Add a nested comment explaining why this method is empty, throw a 'NotSupportedException' or complete the implementation.",
"location":  {
"uri":  "https://github.com/SonarSource/sonar-dotnet/blob/master/analyzers/its/sources/GeneratedCode.CS/generated_code_attr.cs#L15",
"region":  {
"startLine":  15,
"startColumn":  22,
"endLine":  15,
"endColumn":  25
}
}
},
{
"id":  "S1186",
"message":  "Add a nested comment explaining why this method is empty, throw a 'NotSupportedException' or complete the implementation.",
"location":  {
"uri":  "https://github.com/SonarSource/sonar-dotnet/blob/master/analyzers/its/sources/GeneratedCode.CS/generated_code_attr2.cs#L15",
"region":  {
"startLine":  15,
"startColumn":  22,
"endLine":  15,
"endColumn":  25
}
}
},
{
"id":  "S1186",
"message":  "Add a nested comment explaining why this method is empty, throw a 'NotSupportedException' or complete the implementation.",
"location":  {
"uri":  "https://github.com/SonarSource/sonar-dotnet/blob/master/analyzers/its/sources/GeneratedCode.CS/handwritten.cs#L14",
"region":  {
"startLine":  14,
"startColumn":  22,
"endLine":  14,
"endColumn":  25
}
}
}
]
}
